Create loaf: POST /bread delay=0s status=201 header=28 body=23