Get loaf: GET /bread/1 delay=0s status=200 header=36 body=9