Get users: GET /users delay=0s status=200 header=28 body=488