Get loaves: GET /bread/ delay=1s status=200 header=28 body=122
Create loaf: POST /bread/ delay=2s status=201 header=28 body=55
