Create loaf: POST /bread delay=0s status=201 header=29 body=23