Delete loaf: DELETE /bread/1 delay=1s status=204 header=36 body=0